------------------------------------------------------------
TimeQuest Timing Analyzer Summary
------------------------------------------------------------

Type  : Slow 1200mV 85C Model Setup 'spi_dac:cp3|divisor_reloj:cp2|clkout'
Slack : -1.275
TNS   : -23.335

Type  : Slow 1200mV 85C Model Setup 'cp1|clkadc|altpll_component|auto_generated|pll1|clk[0]'
Slack : 15.126
TNS   : 0.000

Type  : Slow 1200mV 85C Model Setup 'clk'
Slack : 17.094
TNS   : 0.000

Type  : Slow 1200mV 85C Model Hold 'spi_dac:cp3|divisor_reloj:cp2|clkout'
Slack : -0.196
TNS   : -1.190

Type  : Slow 1200mV 85C Model Hold 'clk'
Slack : 0.359
TNS   : 0.000

Type  : Slow 1200mV 85C Model Hold 'cp1|clkadc|altpll_component|auto_generated|pll1|clk[0]'
Slack : 0.359
TNS   : 0.000

Type  : Slow 1200mV 85C Model Recovery 'spi_dac:cp3|divisor_reloj:cp2|clkout'
Slack : -1.049
TNS   : -4.869

Type  : Slow 1200mV 85C Model Removal 'spi_dac:cp3|divisor_reloj:cp2|clkout'
Slack : 1.516
TNS   : 0.000

Type  : Slow 1200mV 85C Model Minimum Pulse Width 'spi_dac:cp3|divisor_reloj:cp2|clkout'
Slack : -1.000
TNS   : -24.000

Type  : Slow 1200mV 85C Model Minimum Pulse Width 'clk'
Slack : 9.685
TNS   : 0.000

Type  : Slow 1200mV 85C Model Minimum Pulse Width 'cp1|clkadc|altpll_component|auto_generated|pll1|clk[0]'
Slack : 499.755
TNS   : 0.000

Type  : Slow 1200mV 0C Model Setup 'spi_dac:cp3|divisor_reloj:cp2|clkout'
Slack : -1.128
TNS   : -20.012

Type  : Slow 1200mV 0C Model Setup 'cp1|clkadc|altpll_component|auto_generated|pll1|clk[0]'
Slack : 15.653
TNS   : 0.000

Type  : Slow 1200mV 0C Model Setup 'clk'
Slack : 17.439
TNS   : 0.000

Type  : Slow 1200mV 0C Model Hold 'spi_dac:cp3|divisor_reloj:cp2|clkout'
Slack : 0.048
TNS   : 0.000

Type  : Slow 1200mV 0C Model Hold 'clk'
Slack : 0.312
TNS   : 0.000

Type  : Slow 1200mV 0C Model Hold 'cp1|clkadc|altpll_component|auto_generated|pll1|clk[0]'
Slack : 0.312
TNS   : 0.000

Type  : Slow 1200mV 0C Model Recovery 'spi_dac:cp3|divisor_reloj:cp2|clkout'
Slack : -0.917
TNS   : -4.225

Type  : Slow 1200mV 0C Model Removal 'spi_dac:cp3|divisor_reloj:cp2|clkout'
Slack : 1.438
TNS   : 0.000

Type  : Slow 1200mV 0C Model Minimum Pulse Width 'spi_dac:cp3|divisor_reloj:cp2|clkout'
Slack : -1.000
TNS   : -24.000

Type  : Slow 1200mV 0C Model Minimum Pulse Width 'clk'
Slack : 9.683
TNS   : 0.000

Type  : Slow 1200mV 0C Model Minimum Pulse Width 'cp1|clkadc|altpll_component|auto_generated|pll1|clk[0]'
Slack : 499.751
TNS   : 0.000

Type  : Fast 1200mV 0C Model Setup 'spi_dac:cp3|divisor_reloj:cp2|clkout'
Slack : -0.426
TNS   : -6.775

Type  : Fast 1200mV 0C Model Setup 'cp1|clkadc|altpll_component|auto_generated|pll1|clk[0]'
Slack : 17.175
TNS   : 0.000

Type  : Fast 1200mV 0C Model Setup 'clk'
Slack : 18.356
TNS   : 0.000

Type  : Fast 1200mV 0C Model Hold 'spi_dac:cp3|divisor_reloj:cp2|clkout'
Slack : -0.064
TNS   : -0.268

Type  : Fast 1200mV 0C Model Hold 'clk'
Slack : 0.187
TNS   : 0.000

Type  : Fast 1200mV 0C Model Hold 'cp1|clkadc|altpll_component|auto_generated|pll1|clk[0]'
Slack : 0.187
TNS   : 0.000

Type  : Fast 1200mV 0C Model Recovery 'spi_dac:cp3|divisor_reloj:cp2|clkout'
Slack : -0.326
TNS   : -1.414

Type  : Fast 1200mV 0C Model Removal 'spi_dac:cp3|divisor_reloj:cp2|clkout'
Slack : 0.987
TNS   : 0.000

Type  : Fast 1200mV 0C Model Minimum Pulse Width 'spi_dac:cp3|divisor_reloj:cp2|clkout'
Slack : -1.000
TNS   : -24.000

Type  : Fast 1200mV 0C Model Minimum Pulse Width 'clk'
Slack : 9.442
TNS   : 0.000

Type  : Fast 1200mV 0C Model Minimum Pulse Width 'cp1|clkadc|altpll_component|auto_generated|pll1|clk[0]'
Slack : 499.771
TNS   : 0.000

------------------------------------------------------------
